Running Gradle task 'bundleRelease'...                          
DEBUG: storeFile='../campusbound.jks' (empty=false)
DEBUG: keyAlias='campusbound' (empty=false)
DEBUG: keyPassword='Resotanishk1122' (empty=false)
DEBUG: storePassword='' (empty=true)
DEBUG: keystoreFile=C:\CampusBound\frontend\campusbound.jks
DEBUG: keystoreExists=true
DEBUG: hasValidKeystore=false
flutter : 
At line:1 char:1
+ flutter build appbundle --release 2>&1 | Tee-Object -FilePath 
"c:\Cam ...
+ ~~~~~~~~~~~~~~~~~~~~~~~~~~~~~~~~~~~~~~
    + CategoryInfo          : NotSpecified: (:String) [], RemoteEx 
   ception
    + FullyQualifiedErrorId : NativeCommandError
 
FAILURE: Build failed with an exception.

* What went wrong:
Execution failed for task ':app:configureCMakeRelease[x86_64]'.
> [CXX1429] error when building with cmake using C:\flutter\package
s\flutter_tools\gradle\src\main\scripts\CMakeLists.txt: Not 
searching for unused variables given on the command line.
  -- The C compiler identification is Clang 19.0.1
  -- The CXX compiler identification is Clang 19.0.1
  -- Detecting C compiler ABI info
  -- Detecting C compiler ABI info - failed
  -- Check for working C compiler: C:/android/ndk/28.2.13676358/too
lchains/llvm/prebuilt/windows-x86_64/bin/clang.exe
  -- Configuring incomplete, errors occurred!
  See also "C:/CampusBound/frontend/build/.cxx/release/3x5g1m6s/x86
_64/CMakeFiles/CMakeError.log".

  C++ build system [configure] failed while executing:
      @echo off
      "C:\\android\\cmake\\3.22.1\\bin\\cmake.exe" ^
        "-HC:\\flutter\\packages\\flutter_tools\\gradle\\src\\main\
\scripts" ^
        "-DCMAKE_SYSTEM_NAME=Android" ^
        "-DCMAKE_EXPORT_COMPILE_COMMANDS=ON" ^
        "-DCMAKE_SYSTEM_VERSION=24" ^
        "-DANDROID_PLATFORM=android-24" ^
        "-DANDROID_ABI=x86_64" ^
        "-DCMAKE_ANDROID_ARCH_ABI=x86_64" ^
        "-DANDROID_NDK=C:\\android\\ndk\\28.2.13676358" ^
        "-DCMAKE_ANDROID_NDK=C:\\android\\ndk\\28.2.13676358" ^
        "-DCMAKE_TOOLCHAIN_FILE=C:\\android\\ndk\\28.2.13676358\\bu
ild\\cmake\\android.toolchain.cmake" ^
        
"-DCMAKE_MAKE_PROGRAM=C:\\android\\cmake\\3.22.1\\bin\\ninja.exe" ^
        "-DCMAKE_LIBRARY_OUTPUT_DIRECTORY=C:\\CampusBound\\frontend
\\build\\app\\intermediates\\cxx\\release\\3x5g1m6s\\obj\\x86_64" ^
        "-DCMAKE_RUNTIME_OUTPUT_DIRECTORY=C:\\CampusBound\\frontend
\\build\\app\\intermediates\\cxx\\release\\3x5g1m6s\\obj\\x86_64" ^
        "-BC:\\CampusBound\\frontend\\build\\.cxx\\release\\3x5g1m6
s\\x86_64" ^
        -GNinja ^
        -Wno-dev ^
        --no-warn-unused-cli ^
        "-DCMAKE_BUILD_TYPE=release"
    from C:\CampusBound\frontend\android\app
  CMake Error: CMAKE_C_COMPILER not set, after EnableLanguage
  CMake Error at C:/android/cmake/3.22.1/share/cmake-3.22/Modules/C
MakeTestCCompiler.cmake:56 (try_compile):
    Failed to configure test project build system.
  Call Stack (most recent call first):
    CMakeLists.txt : 
com.android.ide.common.process.ProcessException: Not searching for 
unused variables given on the command line.
  -- The C compiler identification is Clang 19.0.1
  -- The CXX compiler identification is Clang 19.0.1
  -- Detecting C compiler ABI info
  -- Detecting C compiler ABI info - failed
  -- Check for working C compiler: C:/android/ndk/28.2.13676358/too
lchains/llvm/prebuilt/windows-x86_64/bin/clang.exe
  -- Configuring incomplete, errors occurred!
  See also "C:/CampusBound/frontend/build/.cxx/release/3x5g1m6s/x86
_64/CMakeFiles/CMakeError.log".

  C++ build system [configure] failed while executing:
      @echo off
      "C:\\android\\cmake\\3.22.1\\bin\\cmake.exe" ^
        "-HC:\\flutter\\packages\\flutter_tools\\gradle\\src\\main\
\scripts" ^
        "-DCMAKE_SYSTEM_NAME=Android" ^
        "-DCMAKE_EXPORT_COMPILE_COMMANDS=ON" ^
        "-DCMAKE_SYSTEM_VERSION=24" ^
        "-DANDROID_PLATFORM=android-24" ^
        "-DANDROID_ABI=x86_64" ^
        "-DCMAKE_ANDROID_ARCH_ABI=x86_64" ^
        "-DANDROID_NDK=C:\\android\\ndk\\28.2.13676358" ^
        "-DCMAKE_ANDROID_NDK=C:\\android\\ndk\\28.2.13676358" ^
        "-DCMAKE_TOOLCHAIN_FILE=C:\\android\\ndk\\28.2.13676358\\bu
ild\\cmake\\android.toolchain.cmake" ^
        
"-DCMAKE_MAKE_PROGRAM=C:\\android\\cmake\\3.22.1\\bin\\ninja.exe" ^
        "-DCMAKE_LIBRARY_OUTPUT_DIRECTORY=C:\\CampusBound\\frontend
\\build\\app\\intermediates\\cxx\\release\\3x5g1m6s\\obj\\x86_64" ^
        "-DCMAKE_RUNTIME_OUTPUT_DIRECTORY=C:\\CampusBound\\frontend
\\build\\app\\intermediates\\cxx\\release\\3x5g1m6s\\obj\\x86_64" ^
        "-BC:\\CampusBound\\frontend\\build\\.cxx\\release\\3x5g1m6
s\\x86_64" ^
        -GNinja ^
        -Wno-dev ^
        --no-warn-unused-cli ^
        "-DCMAKE_BUILD_TYPE=release"
    from C:\CampusBound\frontend\android\app
  CMake Error: CMAKE_C_COMPILER not set, after EnableLanguage
  CMake Error at C:/android/cmake/3.22.1/share/cmake-3.22/Modules/C
MakeTestCCompiler.cmake:56 (try_compile):
    Failed to configure test project build system.
  Call Stack (most recent call first):
    CMakeLists.txt
  	at com.android.build.gradle.internal.cxx.process.ExecuteProcessK
t.execute(ExecuteProcess.kt:288)
  	at com.android.build.gradle.internal.cxx.process.ExecuteProcessK
t$executeProcess$1.invoke(ExecuteProcess.kt:108)
  	at com.android.build.gradle.internal.cxx.process.ExecuteProcessK
t$executeProcess$1.invoke(ExecuteProcess.kt:106)
  	at com.android.build.gradle.internal.cxx.timing.TimingEnvironmen
tKt.time(TimingEnvironment.kt:32)
  	at com.android.build.gradle.internal.cxx.process.ExecuteProcessK
t.executeProcess(ExecuteProcess.kt:106)
  	at com.android.build.gradle.internal.cxx.process.ExecuteProcessK
t.executeProcess$default(ExecuteProcess.kt:85)
  	at com.android.build.gradle.tasks.CmakeQueryMetadataGenerator.ex
ecuteProcess(CmakeFileApiMetadataGenerator.kt:59)
  	at com.android.build.gradle.tasks.ExternalNativeJsonGenerator$co
nfigureOneAbi$1$1$3.invoke(ExternalNativeJsonGenerator.kt:247)
  	at com.android.build.gradle.tasks.ExternalNativeJsonGenerator$co
nfigureOneAbi$1$1$3.invoke(ExternalNativeJsonGenerator.kt:247)
  	at com.android.build.gradle.internal.cxx.timing.TimingEnvironmen
tKt.time(TimingEnvironment.kt:32)
  	at com.android.build.gradle.tasks.ExternalNativeJsonGenerator.co
nfigureOneAbi(ExternalNativeJsonGenerator.kt:247)
  	at com.android.build.gradle.tasks.ExternalNativeJsonGenerator.co
nfigure(ExternalNativeJsonGenerator.kt:113)
  	at com.android.build.gradle.tasks.ExternalNativeBuildJsonTask.do
TaskAction(ExternalNativeBuildJsonTask.kt:89)
  	at com.android.build.gradle.internal.tasks.UnsafeOutputsTask$tas
kAction$$inlined$recordTaskAction$1.invoke(BaseTask.kt:59)
  	at com.android.build.gradle.internal.tasks.Blocks.recordSpan(Blo
cks.java:51)
  	at com.android.build.gradle.internal.tasks.UnsafeOutputsTask.tas
kAction(UnsafeOutputsTask.kt:81)
  	at java.base/jdk.internal.reflect.DirectMethodHandleAccessor.inv
oke(Unknown Source)
  	at java.base/java.lang.reflect.Method.invoke(Unknown Source)
  	at 
org.gradle.internal.reflect.JavaMethod.invoke(JavaMethod.java:125)
  	at org.gradle.api.internal.project.taskfactory.StandardTaskActio
n.doExecute(StandardTaskAction.java:58)
  	at org.gradle.api.internal.project.taskfactory.StandardTaskActio
n.execute(StandardTaskAction.java:51)
  	at org.gradle.api.internal.project.taskfactory.StandardTaskActio
n.execute(StandardTaskAction.java:29)
  	at org.gradle.api.internal.tasks.execution.TaskExecution$3.run(T
askExecution.java:244)
  	at org.gradle.internal.operations.DefaultBuildOperationRunner$1.
execute(DefaultBuildOperationRunner.java:29)
  	at org.gradle.internal.operations.DefaultBuildOperationRunner$1.
execute(DefaultBuildOperationRunner.java:26)
  	at org.gradle.internal.operations.DefaultBuildOperationRunner$2.
execute(DefaultBuildOperationRunner.java:66)
  	at org.gradle.internal.operations.DefaultBuildOperationRunner$2.
execute(DefaultBuildOperationRunner.java:59)
  	at org.gradle.internal.operations.DefaultBuildOperationRunner.ex
ecute(DefaultBuildOperationRunner.java:166)
  	at org.gradle.internal.operations.DefaultBuildOperationRunner.ex
ecute(DefaultBuildOperationRunner.java:59)
  	at org.gradle.internal.operations.DefaultBuildOperationRunner.ru
n(DefaultBuildOperationRunner.java:47)
  	at org.gradle.api.internal.tasks.execution.TaskExecution.execute
Action(TaskExecution.java:229)
  	at org.gradle.api.internal.tasks.execution.TaskExecution.execute
Actions(TaskExecution.java:212)
  	at org.gradle.api.internal.tasks.execution.TaskExecution.execute
WithPreviousOutputFiles(TaskExecution.java:195)
  	at org.gradle.api.internal.tasks.execution.TaskExecution.execute
(TaskExecution.java:162)
  	at org.gradle.internal.execution.steps.ExecuteStep.executeIntern
al(ExecuteStep.java:105)
  	at org.gradle.internal.execution.steps.ExecuteStep.access$000(Ex
ecuteStep.java:44)
  	at org.gradle.internal.execution.steps.ExecuteStep$1.call(Execut
eStep.java:59)
  	at org.gradle.internal.execution.steps.ExecuteStep$1.call(Execut
eStep.java:56)
  	at org.gradle.internal.operations.DefaultBuildOperationRunner$Ca
llableBuildOperationWorker.execute(DefaultBuildOperationRunner.java
:209)
  	at org.gradle.internal.operations.DefaultBuildOperationRunner$Ca
llableBuildOperationWorker.execute(DefaultBuildOperationRunner.java
:204)
  	at org.gradle.internal.operations.DefaultBuildOperationRunner$2.
execute(DefaultBuildOperationRunner.java:66)
  	at org.gradle.internal.operations.DefaultBuildOperationRunner$2.
execute(DefaultBuildOperationRunner.java:59)
  	at org.gradle.internal.operations.DefaultBuildOperationRunner.ex
ecute(DefaultBuildOperationRunner.java:166)
  	at org.gradle.internal.operations.DefaultBuildOperationRunner.ex
ecute(DefaultBuildOperationRunner.java:59)
  	at org.gradle.internal.operations.DefaultBuildOperationRunner.ca
ll(DefaultBuildOperationRunner.java:53)
  	at org.gradle.internal.execution.steps.ExecuteStep.execute(Execu
teStep.java:56)
  	at org.gradle.internal.execution.steps.ExecuteStep.execute(Execu
teStep.java:44)
  	at org.gradle.internal.execution.steps.CancelExecutionStep.execu
te(CancelExecutionStep.java:42)
  	at org.gradle.internal.execution.steps.TimeoutStep.executeWithou
tTimeout(TimeoutStep.java:75)
  	at org.gradle.internal.execution.steps.TimeoutStep.execute(Timeo
utStep.java:55)
  	at org.gradle.internal.execution.steps.PreCreateOutputParentsSte
p.execute(PreCreateOutputParentsStep.java:50)
  	at org.gradle.internal.execution.steps.PreCreateOutputParentsSte
p.execute(PreCreateOutputParentsStep.java:28)
  	at org.gradle.internal.execution.steps.RemovePreviousOutputsStep
.execute(RemovePreviousOutputsStep.java:67)
  	at org.gradle.internal.execution.steps.RemovePreviousOutputsStep
.execute(RemovePreviousOutputsStep.java:37)
  	at org.gradle.internal.execution.steps.BroadcastChangingOutputsS
tep.execute(BroadcastChangingOutputsStep.java:61)
  	at org.gradle.internal.execution.steps.BroadcastChangingOutputsS
tep.execute(BroadcastChangingOutputsStep.java:26)
  	at org.gradle.internal.execution.steps.CaptureOutputsAfterExecut
ionStep.execute(CaptureOutputsAfterExecutionStep.java:69)
  	at org.gradle.internal.execution.steps.CaptureOutputsAfterExecut
ionStep.execute(CaptureOutputsAfterExecutionStep.java:46)
  	at org.gradle.internal.execution.steps.ResolveInputChangesStep.e
xecute(ResolveInputChangesStep.java:40)
  	at org.gradle.internal.execution.steps.ResolveInputChangesStep.e
xecute(ResolveInputChangesStep.java:29)
  	at org.gradle.internal.execution.steps.BuildCacheStep.executeWit
houtCache(BuildCacheStep.java:189)
  	at org.gradle.internal.execution.steps.BuildCacheStep.lambda$exe
cute$1(BuildCacheStep.java:75)
  	at org.gradle.internal.Either$Right.fold(Either.java:175)
  	at org.gradle.internal.execution.caching.CachingState.fold(Cachi
ngState.java:62)
  	at org.gradle.internal.execution.steps.BuildCacheStep.execute(Bu
ildCacheStep.java:73)
  	at org.gradle.internal.execution.steps.BuildCacheStep.execute(Bu
ildCacheStep.java:48)
  	at org.gradle.internal.execution.steps.StoreExecutionStateStep.e
xecute(StoreExecutionStateStep.java:46)
  	at org.gradle.internal.execution.steps.StoreExecutionStateStep.e
xecute(StoreExecutionStateStep.java:35)
  	at org.gradle.internal.execution.steps.SkipUpToDateStep.executeB
ecause(SkipUpToDateStep.java:75)
  	at org.gradle.internal.execution.steps.SkipUpToDateStep.lambda$e
xecute$2(SkipUpToDateStep.java:53)
  	at java.base/java.util.Optional.orElseGet(Unknown Source)
  	at org.gradle.internal.execution.steps.SkipUpToDateStep.execute(
SkipUpToDateStep.java:53)
  	at org.gradle.internal.execution.steps.SkipUpToDateStep.execute(
SkipUpToDateStep.java:35)
  	at org.gradle.internal.execution.steps.legacy.MarkSnapshottingIn
putsFinishedStep.execute(MarkSnapshottingInputsFinishedStep.java:37
)
  	at org.gradle.internal.execution.steps.legacy.MarkSnapshottingIn
putsFinishedStep.execute(MarkSnapshottingInputsFinishedStep.java:27
)
  	at org.gradle.internal.execution.steps.ResolveIncrementalCaching
StateStep.executeDelegate(ResolveIncrementalCachingStateStep.java:4
9)
  	at org.gradle.internal.execution.steps.ResolveIncrementalCaching
StateStep.executeDelegate(ResolveIncrementalCachingStateStep.java:2
7)
  	at org.gradle.internal.execution.steps.AbstractResolveCachingSta
teStep.execute(AbstractResolveCachingStateStep.java:71)
  	at org.gradle.internal.execution.steps.AbstractResolveCachingSta
teStep.execute(AbstractResolveCachingStateStep.java:39)
  	at org.gradle.internal.execution.steps.ResolveChangesStep.execut
e(ResolveChangesStep.java:65)
  	at org.gradle.internal.execution.steps.ResolveChangesStep.execut
e(ResolveChangesStep.java:36)
  	at org.gradle.internal.execution.steps.ValidateStep.execute(Vali
dateStep.java:107)
  	at org.gradle.internal.execution.steps.ValidateStep.execute(Vali
dateStep.java:56)
  	at org.gradle.internal.execution.steps.AbstractCaptureStateBefor
eExecutionStep.execute(AbstractCaptureStateBeforeExecutionStep.java
:64)
  	at org.gradle.internal.execution.steps.AbstractCaptureStateBefor
eExecutionStep.execute(AbstractCaptureStateBeforeExecutionStep.java
:43)
  	at org.gradle.internal.execution.steps.AbstractSkipEmptyWorkStep
.executeWithNonEmptySources(AbstractSkipEmptyWorkStep.java:125)
  	at org.gradle.internal.execution.steps.AbstractSkipEmptyWorkStep
.execute(AbstractSkipEmptyWorkStep.java:56)
  	at org.gradle.internal.execution.steps.AbstractSkipEmptyWorkStep
.execute(AbstractSkipEmptyWorkStep.java:36)
  	at org.gradle.internal.execution.steps.legacy.MarkSnapshottingIn
putsStartedStep.execute(MarkSnapshottingInputsStartedStep.java:38)
  	at org.gradle.internal.execution.steps.LoadPreviousExecutionStat
eStep.execute(LoadPreviousExecutionStateStep.java:36)
  	at org.gradle.internal.execution.steps.LoadPreviousExecutionStat
eStep.execute(LoadPreviousExecutionStateStep.java:23)
  	at org.gradle.internal.execution.steps.HandleStaleOutputsStep.ex
ecute(HandleStaleOutputsStep.java:75)
  	at org.gradle.internal.execution.steps.HandleStaleOutputsStep.ex
ecute(HandleStaleOutputsStep.java:41)
  	at org.gradle.internal.execution.steps.AssignMutableWorkspaceSte
p.lambda$execute$0(AssignMutableWorkspaceStep.java:35)
  	at org.gradle.api.internal.tasks.execution.TaskExecution$4.withW
orkspace(TaskExecution.java:289)
  	at org.gradle.internal.execution.steps.AssignMutableWorkspaceSte
p.execute(AssignMutableWorkspaceStep.java:31)
  	at org.gradle.internal.execution.steps.AssignMutableWorkspaceSte
p.execute(AssignMutableWorkspaceStep.java:22)
  	at org.gradle.internal.execution.steps.ChoosePipelineStep.execut
e(ChoosePipelineStep.java:40)
  	at org.gradle.internal.execution.steps.ChoosePipelineStep.execut
e(ChoosePipelineStep.java:23)
  	at org.gradle.internal.execution.steps.ExecuteWorkBuildOperation
FiringStep.lambda$execute$2(ExecuteWorkBuildOperationFiringStep.jav
a:67)
  	at java.base/java.util.Optional.orElseGet(Unknown Source)
  	at org.gradle.internal.execution.steps.ExecuteWorkBuildOperation
FiringStep.execute(ExecuteWorkBuildOperationFiringStep.java:67)
  	at org.gradle.internal.execution.steps.ExecuteWorkBuildOperation
FiringStep.execute(ExecuteWorkBuildOperationFiringStep.java:39)
  	at org.gradle.internal.execution.steps.IdentityCacheStep.execute
(IdentityCacheStep.java:46)
  	at org.gradle.internal.execution.steps.IdentityCacheStep.execute
(IdentityCacheStep.java:34)
  	at org.gradle.internal.execution.steps.IdentifyStep.execute(Iden
tifyStep.java:48)
  	at org.gradle.internal.execution.steps.IdentifyStep.execute(Iden
tifyStep.java:35)
  	at org.gradle.internal.execution.impl.DefaultExecutionEngine$1.e
xecute(DefaultExecutionEngine.java:61)
  	at org.gradle.api.internal.tasks.execution.ExecuteActionsTaskExe
cuter.executeIfValid(ExecuteActionsTaskExecuter.java:127)
  	at org.gradle.api.internal.tasks.execution.ExecuteActionsTaskExe
cuter.execute(ExecuteActionsTaskExecuter.java:116)
  	at org.gradle.api.internal.tasks.execution.ProblemsTaskPathTrack
ingTaskExecuter.execute(ProblemsTaskPathTrackingTaskExecuter.java:4
0)
  	at org.gradle.api.internal.tasks.execution.FinalizePropertiesTas
kExecuter.execute(FinalizePropertiesTaskExecuter.java:46)
  	at org.gradle.api.internal.tasks.execution.ResolveTaskExecutionM
odeExecuter.execute(ResolveTaskExecutionModeExecuter.java:51)
  	at org.gradle.api.internal.tasks.execution.SkipTaskWithNoActions
Executer.execute(SkipTaskWithNoActionsExecuter.java:57)
  	at org.gradle.api.internal.tasks.execution.SkipOnlyIfTaskExecute
r.execute(SkipOnlyIfTaskExecuter.java:74)
  	at org.gradle.api.internal.tasks.execution.CatchExceptionTaskExe
cuter.execute(CatchExceptionTaskExecuter.java:36)
  	at org.gradle.api.internal.tasks.execution.EventFiringTaskExecut
er$1.executeTask(EventFiringTaskExecuter.java:77)
  	at org.gradle.api.internal.tasks.execution.EventFiringTaskExecut
er$1.call(EventFiringTaskExecuter.java:55)
  	at org.gradle.api.internal.tasks.execution.EventFiringTaskExecut
er$1.call(EventFiringTaskExecuter.java:52)
  	at org.gradle.internal.operations.DefaultBuildOperationRunner$Ca
llableBuildOperationWorker.execute(DefaultBuildOperationRunner.java
:209)
  	at org.gradle.internal.operations.DefaultBuildOperationRunner$Ca
llableBuildOperationWorker.execute(DefaultBuildOperationRunner.java
:204)
  	at org.gradle.internal.operations.DefaultBuildOperationRunner$2.
execute(DefaultBuildOperationRunner.java:66)
  	at org.gradle.internal.operations.DefaultBuildOperationRunner$2.
execute(DefaultBuildOperationRunner.java:59)
  	at org.gradle.internal.operations.DefaultBuildOperationRunner.ex
ecute(DefaultBuildOperationRunner.java:166)
  	at org.gradle.internal.operations.DefaultBuildOperationRunner.ex
ecute(DefaultBuildOperationRunner.java:59)
  	at org.gradle.internal.operations.DefaultBuildOperationRunner.ca
ll(DefaultBuildOperationRunner.java:53)
  	at org.gradle.api.internal.tasks.execution.EventFiringTaskExecut
er.execute(EventFiringTaskExecuter.java:52)
  	at org.gradle.execution.plan.LocalTaskNodeExecutor.execute(Local
TaskNodeExecutor.java:42)
  	at org.gradle.execution.taskgraph.DefaultTaskExecutionGraph$Invo
keNodeExecutorsAction.execute(DefaultTaskExecutionGraph.java:331)
  	at org.gradle.execution.taskgraph.DefaultTaskExecutionGraph$Invo
keNodeExecutorsAction.execute(DefaultTaskExecutionGraph.java:318)
  	at org.gradle.execution.taskgraph.DefaultTaskExecutionGraph$Buil
dOperationAwareExecutionAction.lambda$execute$0(DefaultTaskExecutio
nGraph.java:314)
  	at org.gradle.internal.operations.CurrentBuildOperationRef.with(
CurrentBuildOperationRef.java:85)
  	at org.gradle.execution.taskgraph.DefaultTaskExecutionGraph$Buil
dOperationAwareExecutionAction.execute(DefaultTaskExecutionGraph.ja
va:314)
  	at org.gradle.execution.taskgraph.DefaultTaskExecutionGraph$Buil
dOperationAwareExecutionAction.execute(DefaultTaskExecutionGraph.ja
va:303)
  	at org.gradle.execution.plan.DefaultPlanExecutor$ExecutorWorker.
execute(DefaultPlanExecutor.java:459)
  	at org.gradle.execution.plan.DefaultPlanExecutor$ExecutorWorker.
run(DefaultPlanExecutor.java:376)
  	at org.gradle.internal.concurrent.ExecutorPolicy$CatchAndRecordF
ailures.onExecute(ExecutorPolicy.java:64)
  	at org.gradle.internal.concurrent.AbstractManagedExecutor$1.run(
AbstractManagedExecutor.java:48)
  	at java.base/java.util.concurrent.ThreadPoolExecutor.runWorker(U
nknown Source)
  	at java.base/java.util.concurrent.ThreadPoolExecutor$Worker.run(
Unknown Source)
  	at java.base/java.lang.Thread.run(Unknown Source)
  Caused by: com.android.ide.common.process.ProcessException: 
Error while executing process 
C:\android\cmake\3.22.1\bin\cmake.exe with arguments 
{-HC:\flutter\packages\flutter_tools\gradle\src\main\scripts 
-DCMAKE_SYSTEM_NAME=Android -DCMAKE_EXPORT_COMPILE_COMMANDS=ON 
-DCMAKE_SYSTEM_VERSION=24 -DANDROID_PLATFORM=android-24 
-DANDROID_ABI=x86_64 -DCMAKE_ANDROID_ARCH_ABI=x86_64 
-DANDROID_NDK=C:\android\ndk\28.2.13676358 
-DCMAKE_ANDROID_NDK=C:\android\ndk\28.2.13676358 -DCMAKE_TOOLCHAIN_
FILE=C:\android\ndk\28.2.13676358\build\cmake\android.toolchain.cma
ke -DCMAKE_MAKE_PROGRAM=C:\android\cmake\3.22.1\bin\ninja.exe -DCMA
KE_LIBRARY_OUTPUT_DIRECTORY=C:\CampusBound\frontend\build\app\inter
mediates\cxx\release\3x5g1m6s\obj\x86_64 -DCMAKE_RUNTIME_OUTPUT_DIR
ECTORY=C:\CampusBound\frontend\build\app\intermediates\cxx\release\
3x5g1m6s\obj\x86_64 
-BC:\CampusBound\frontend\build\.cxx\release\3x5g1m6s\x86_64 
-GNinja -Wno-dev --no-warn-unused-cli -DCMAKE_BUILD_TYPE=release}
  	at com.android.build.gradle.internal.process.GradleProcessResult
.buildProcessException(GradleProcessResult.java:73)
  	at com.android.build.gradle.internal.process.GradleProcessResult
.assertNormalExitValue(GradleProcessResult.java:48)
  	at com.android.build.gradle.internal.cxx.process.ExecuteProcessK
t.execute(ExecuteProcess.kt:277)
  	... 140 more
  Caused by: org.gradle.process.internal.ExecException: Process 
'command 'C:\android\cmake\3.22.1\bin\cmake.exe'' finished with 
non-zero exit value 1
  	at org.gradle.process.internal.DefaultExecHandle$ExecResultImpl.
assertNormalExitValue(DefaultExecHandle.java:442)
  	at com.android.build.gradle.internal.process.GradleProcessResult
.assertNormalExitValue(GradleProcessResult.java:46)
  	... 141 more


* Try:
> Run with --stacktrace option to get the stack trace.
> Run with --info or --debug option to get more log output.
> Run with --scan to get full insights.
> Get more help at https://help.gradle.org.

BUILD FAILED in 45s
Running Gradle task 'bundleRelease'...                             47.2s
Gradle task bundleRelease failed with exit code 1
